===== Stage 1: Data Collection =====
Getting direct download link from Yandex Disk...
API response preview:
{"method":"GET","href":"https://downloader.disk.yandex.ru/disk/37a8b2bb93a8bf81b3eef25d27fc73a76f4389e8a98289526642d2e798561afd/69f613ea/8VFCWqBEthGhCMZ80fhS7bYzlylr07JgbETPwH6l_RbLzLHuCI8vjlzNsIIQI1PwsXvzevfnJXINEoeZuMAygg%3D%3D?uid=0&filename=DOB_Job_Application_Filings_20260410.csv&disposition=at

Downloading dataset to /home/team13/Predicting-NYC-Building-Permit-Approval/data/dob_job_application_filings.csv ...
Download completed.
-rw-r--r--. 1 team13 students 1.9G May  2 14:12 /home/team13/Predicting-NYC-Building-Permit-Approval/data/dob_job_application_filings.csv
===== Stage 1: Database Build =====
Running create_tables.sql ...
Running import_data.sql COPY ...
Running transform_raw_to_core.sql ...
Running test_database.sql ...

Query #1:
[(2714628,)]

Query #2:
[(2714628,)]

Query #3:
[(1622657,)]

Query #4:
[(1,
  321386512,
  1,
  'BROOKLYN',
  '666',
  'UNION ST',
  955,
  31,
  3020058,
  'A1',
  'X',
  'SIGNED OFF',
  '06/23/2023',
  '1-2-3 FAMILY',
  '306',
  'N',
  'N',
  'N',
  'N',
  None,
  'N',
  None,
  'Y',
  None,
  None,
  None,
  None,
  None,
  None,
  None,
  None,
  None,
  None,
  None,
  'X',
  'NO WORK',
  'ERIC',
  'LIFTIN',
  'RA',
  '027763',
  'N',
  '02/28/2019',
  '03/22/2019',
  '03/22/2019',
  '04/30/2023',
  '11/04/2019',
  '01/03/2023',
  None,
  None,
  'STANDARD',
  Decimal('23779.00'),
  Decimal('23779.00'),
  None,
  None,
  Decimal('0.00'),
  Decimal('0.00'),
  Decimal('2.00'),
  Decimal('2.00'),
  Decimal('20.00'),
  Decimal('20.00'),
  2,
  1,
  'RES',
  'R-3',
  'NOT APPLICABLE',
  'R6A',
  'R6B',
  None,
  None,
  None,
  'INDIVIDUAL',
  'N',
  'JAMIE',
  'RUBIN',
  'N/A',
  None,
  None,
  None,
  None,
  None,
  '9178226106',
  None,
  '06/24/2023 00:00:00',
  '3108172',
  Decimal('1834.00'),
  '0',
  '06/23/2023',
  'N',
  None,
  'B1',
  0,
  40.676829,
  -73.98157,
  '39',
  '133',
  'Park Slope-Gowanus',
  '3020058',
  datetime.datetime(2026, 5, 2, 11, 13, 17, 172078)),
 (2,
  301776291,
  1,
  'BROOKLYN',
  '933',
  '51 STREET',
  5645,
  66,
  3137917,
  'A1',
  'X',
  'SIGNED OFF',
  '10/26/2006',
  '1-2-3 FAMILY',
  '312',
  None,
  'N',
  'N',
  None,
  None,
  None,
  'Y',
  None,
  'X',
  None,
  None,
  None,
  None,
  None,
  None,
  None,
  'X',
  None,
  None,
  'X',
  'GC',
  'Ernest',
  'Keller',
  'RA',
  '007362',
  'Y',
  '04/16/2004',
  '04/16/2004',
  '04/16/2004',
  '04/19/2004',
  '04/19/2004',
  '07/15/2004',
  None,
  None,
  'STANDARD',
  Decimal('0.00'),
  Decimal('0.00'),
  None,
  'Y',
  Decimal('568.00'),
  Decimal('0.00'),
  Decimal('0.00'),
  Decimal('3.00'),
  Decimal('0.00'),
  Decimal('40.00'),
  None,
  3,
  'J-0',
  'J-0',
  'NONE',
  'R6',
  None,
  None,
  None,
  None,
  'INDIVIDUAL',
  'N',
  'Ernesto',
  'Stern',
  None,
  None,
  None,
  None,
  None,
  None,
  '7188512135',
  'NEW 3rd FLOOR ADDTITON TO AN EXISTING THREE FAMILY, PARTITION AND PLUMBING '
  'WORK AT CELLAR, 2nd &amp; 3rd FLOOR.',
  '06/26/2022 00:00:00',
  '1000387',
  Decimal('5488.00'),
  '0',
  '10/26/2006',
  'N',
  None,
  'C0',
  0,
  40.638728,
  -74.00125,
  '38',
  '114',
  'Borough Park',
  '3137917',
  datetime.datetime(2026, 5, 2, 11, 13, 17, 172078)),
 (3,
  440673852,
  1,
  'QUEENS',
  '246-08',
  '135 ROAD',
  13228,
  9,
  4284335,
  'A2',
  'X',
  'SIGNED OFF',
  '02/23/2022',
  '1-2-3 FAMILY',
  '413',
  'N',
  'N',
  'N',
  'N',
  None,
  'N',
  None,
  'Y',
  None,
  None,
  None,
  None,
  None,
  None,
  None,
  None,
  None,
  None,
  None,
  'X',
  'SOLAR TAX',
  'WALID',
  'ABDULLA',
  'PE',
  '094110',
  'Y',
  '05/03/2021',
  '05/03/2021',
  '05/03/2021',
  '05/03/2021',
  '05/03/2021',
  '05/07/2021',
  None,
  None,
  'STANDARD',
  Decimal('0.00'),
  Decimal('0.00'),
  None,
  None,
  Decimal('0.00'),
  Decimal('0.00'),
  Decimal('2.00'),
  Decimal('2.00'),
  Decimal('22.00'),
  Decimal('22.00'),
  1,
  1,
  'R-3',
  'R-3',
  'NOT APPLICABLE',
  'R2',
  None,
  None,
  None,
  'MS4',
  'INDIVIDUAL',
  'N',
  'LEONIE',
  'TAYLOR',
  'N/A',
  None,
  None,
  None,
  None,
  None,
  '7185279550',
  'FILING HEREWITH TAX ABATEMENT APPLICATION FOR INSTALLATION OF ROOF  MOUNTED '
  'SOLAR PANELS. NO CHANGE IN USE, EGRESS OR OCCUPANCY.',
  '02/24/2022 00:00:00',
  '3294719',
  Decimal('0.00'),
  '0',
  '02/23/2022',
  'N',
  None,
  'A2',
  0,
  40.669797,
  -73.729699,
  '31',
  '638',
  'Rosedale',
  '4284335',
  datetime.datetime(2026, 5, 2, 11, 13, 17, 172078)),
 (4,
  421789559,
  1,
  'QUEENS',
  '98-87',
  'QUEENS BLVD',
  2105,
  1,
  4050525,
  'DM',
  'R',
  'PERMIT ISSUED - ENTIRE JOB/WORK',
  '03/24/2022',
  'OTHERS',
  '406',
  'N',
  'N',
  'N',
  'N',
  None,
  'N',
  None,
  'Y',
  None,
  None,
  None,
  None,
  None,
  None,
  None,
  None,
  None,
  None,
  None,
  None,
  None,
  'PETER',
  'STROH',
  'PE',
  '072184',
  'N',
  '05/03/2021',
  '05/03/2021',
  '05/03/2021',
  None,
  '05/03/2021',
  '03/24/2022',
  None,
  None,
  'STANDARD',
  Decimal('0.00'),
  Decimal('0.00'),
  None,
  None,
  Decimal('0.00'),
  Decimal('142.00'),
  Decimal('1.00'),
  Decimal('0.00'),
  Decimal('18.00'),
  Decimal('0.00'),
  7,
  None,
  'J-3',
  None,
  'OFF-SITE',
  'R7-1',
  None,
  None,
  None,
  None,
  'INDIVIDUAL',
  'N',
  'RUDOLPH',
  'ABRAMOV',
  'TRYLON LLC',
  None,
  None,
  None,
  None,
  None,
  '7186310800',
  'DEMO OF ONE STORY COMMERCIAL STRUCTURE',
  '03/25/2022 00:00:00',
  '3294726',
  Decimal('0.00'),
  '0',
  None,
  'N',
  None,
  'K1',
  0,
  40.727573,
  -73.855368,
  '29',
  '71304',
  'Forest Hills',
  '4050525',
  datetime.datetime(2026, 5, 2, 11, 13, 17, 172078)),
 (5,
  240304167,
  1,
  'BRONX',
  '101',
  'LINCOLN AVE',
  2316,
  1,
  2130735,
  'A3',
  'R',
  'PERMIT ISSUED - ENTIRE JOB/WORK',
  '05/13/2021',
  'OTHERS',
  '201',
  'N',
  'N',
  'N',
  'N',
  None,
  'Y',
  None,
  'Y',
  None,
  None,
  None,
  None,
  None,
  None,
  None,
  None,
  'X',
  None,
  None,
  None,
  None,
  'KEVIN',
  'KETCHO',
  'PE',
  '101795',
  'Y',
  '05/03/2021',
  '05/03/2021',
  '05/03/2021',
  '05/03/2021',
  '05/10/2021',
  '05/13/2021',
  None,
  None,
  'STANDARD',
  Decimal('0.00'),
  Decimal('0.00'),
  None,
  None,
  Decimal('0.00'),
  Decimal('0.00'),
  Decimal('25.00'),
  Decimal('25.00'),
  Decimal('262.00'),
  Decimal('262.00'),
  921,
  921,
  'R-2',
  'R-2',
  None,
  'M1-3/R8',
  None,
  None,
  'MX-1',
  None,
  'PARTNERSHIP',
  'N',
  'GERRY',
  'CORMICAN',
  'STRUCTURETECH NEW YORK, INC',
  None,
  None,
  None,
  None,
  None,
  '9146639622',
  'INSTALLATION OF TEMPORARY SUSPENDED SCAFFOLD AS PER DRAWINGS.  TEMPORARY '
  'SUSPENDED SCAFFOLD SHALL COMPLY WITH CHAPTER #33 OF THE NYC BUILDING CODE. '
  'NO CHANGE IN USE, OCCUPANCY OR EGRESS UNDER THIS APPLICATION',
  '04/07/2022 00:00:00',
  '3294701',
  Decimal('0.00'),
  '0',
  None,
  'N',
  None,
  'D6',
  0,
  40.807149,
  -73.929969,
  '8',
  '19',
  'Mott Haven-Port Morris',
  '2000759',
  datetime.datetime(2026, 5, 2, 11, 13, 17, 172078)),
 (6,
  440707709,
  1,
  'QUEENS',
  '131-24',
  '223 STREET',
  12932,
  108,
  4278532,
  'A2',
  'R',
  'PERMIT ISSUED - ENTIRE JOB/WORK',
  '03/11/2022',
  '1-2-3 FAMILY',
  '413',
  'N',
  'N',
  'N',
  'N',
  None,
  'N',
  None,
  'Y',
  None,
  None,
  None,
  None,
  None,
  None,
  None,
  None,
  None,
  None,
  None,
  'X',
  'SOLAR TAX',
  'VYACHESLAV',
  'NECHAYEV',
  'PE',
  '095221',
  'Y',
  '03/08/2022',
  '03/08/2022',
  '03/10/2022',
  '03/08/2022',
  '03/10/2022',
  '03/11/2022',
  None,
  None,
  'STANDARD',
  Decimal('0.00'),
  Decimal('0.00'),
  None,
  None,
  Decimal('0.00'),
  Decimal('0.00'),
  Decimal('2.00'),
  Decimal('2.00'),
  Decimal('24.00'),
  Decimal('24.00'),
  1,
  1,
  'R-3',
  'R-3',
  'NOT APPLICABLE',
  'R2',
  None,
  None,
  None,
  None,
  'INDIVIDUAL',
  'N',
  'VINOLA',
  'BECKFORD',
  'NA',
  None,
  None,
  None,
  None,
  None,
  '6319542844',
  'ROOFTOP SOLAR PANEL INSTALLATION',
  '03/12/2022 00:00:00',
  '3334383',
  Decimal('0.00'),
  '0',
  None,
  'N',
  None,
  'A1',
  0,
  40.680871,
  -73.744992,
  '31',
  '626',
  'Laurelton',
  '4278532',
  datetime.datetime(2026, 5, 2, 11, 13, 17, 172078)),
 (7,
  340819350,
  1,
  'BROOKLYN',
  '1548',
  '72ND STREET',
  6191,
  27,
  3429108,
  'A3',
  'J',
  'PLAN EXAM - DISAPPROVED',
  '11/08/2021',
  'OTHERS',
  '311',
  'N',
  'N',
  'N',
  'N',
  None,
  'N',
  None,
  'Y',
  None,
  None,
  None,
  None,
  None,
  None,
  None,
  None,
  None,
  None,
  None,
  'X',
  'BPP',
  'SHIMING',
  'TAM',
  'RA',
  '018525',
  'N',
  '08/09/2021',
  '08/09/2021',
  '11/01/2021',
  '11/04/2021',
  None,
  None,
  None,
  None,
  'STANDARD',
  Decimal('0.00'),
  Decimal('0.00'),
  None,
  None,
  Decimal('0.00'),
  Decimal('80.00'),
  Decimal('0.00'),
  Decimal('0.00'),
  Decimal('0.00'),
  Decimal('0.00'),
  None,
  None,
  None,
  None,
  None,
  'R5',
  None,
  None,
  None,
  None,
  'CORPORATION',
  'N',
  'BENTLY',
  'ZHAO',
  '1554 LLC',
  None,
  None,
  None,
  None,
  None,
  '7184394688',
  "SUBMIT BUILDER'S PAVEMENT PLAN IN CONJUNCTION WITH NEW BUILDING #321191704, "
  "TOTAL: 80'-0' FRONTAGE.",
  '05/03/2022 00:00:00',
  '3308694',
  Decimal('0.00'),
  '0',
  None,
  'N',
  None,
  'V0',
  0,
  40.618773,
  -74.000274,
  '43',
  '190',
  'Bensonhurst West',
  '3158356',
  datetime.datetime(2026, 5, 2, 11, 13, 17, 172078)),
 (8,
  301829822,
  2,
  'BROOKLYN',
  '541',
  'EMERALD STREET',
  4496,
  51,
  3425085,
  'NB',
  'P',
  'PLAN EXAM - APPROVED',
  '09/21/2006',
  '1-2-3 FAMILY',
  '305',
  None,
  'N',
  'N',
  None,
  None,
  None,
  'Y',
  None,
  None,
  None,
  None,
  None,
  None,
  None,
  None,
  None,
  None,
  None,
  None,
  'X',
  'Piling',
  'Louis',
  'Sanchez',
  'RA',
  '046307',
  None,
  '02/09/2006',
  '02/09/2006',
  '02/09/2006',
  None,
  None,
  None,
  None,
  None,
  'STANDARD',
  Decimal('0.00'),
  Decimal('0.00'),
  None,
  None,
  Decimal('0.00'),
  Decimal('0.00'),
  Decimal('0.00'),
  Decimal('0.00'),
  Decimal('0.00'),
  Decimal('0.00'),
  None,
  None,
  None,
  None,
  'NONE',
  None,
  None,
  None,
  None,
  None,
  None,
  None,
  'Saed',
  'Soleimani',
  '39 Emerald LLC',
  None,
  None,
  None,
  None,
  None,
  '2129448700',
  None,
  '12/16/2022 00:00:00',
  '1008717',
  Decimal('0.00'),
  '0',
  None,
  'W',
  '11/10/2015',
  'V0',
  0,
  40.669336,
  -73.858941,
  '42',
  '1220',
  'East New York',
  '3000000',
  datetime.datetime(2026, 5, 2, 11, 13, 17, 172078)),
 (9,
  302163557,
  1,
  'BROOKLYN',
  '96',
  'ROCKWELL PLACE',
  2106,
  7501,
  3059160,
  'A1',
  'R',
  'PERMIT ISSUED - ENTIRE JOB/WORK',
  '05/10/2010',
  'OTHERS',
  '302',
  None,
  'N',
  'N',
  'N',
  None,
  'N',
  'N',
  None,
  None,
  None,
  None,
  None,
  None,
  None,
  None,
  None,
  None,
  None,
  None,
  'X',
  'GC',
  'NORMAN',
  'COX',
  'RA',
  '016362',
  None,
  '05/23/2006',
  '05/24/2006',
  '05/24/2006',
  '05/09/2022',
  '01/04/2007',
  '01/05/2007',
  None,
  None,
  'STANDARD',
  Decimal('24319.00'),
  Decimal('39029.00'),
  None,
  'Y',
  Decimal('14093.00'),
  Decimal('0.00'),
  Decimal('6.00'),
  Decimal('12.00'),
  Decimal('70.00'),
  Decimal('162.00'),
  0,
  36,
  'COM',
  'R-2',
  'NONE',
  'C6-4',
  None,
  None,
  'DB',
  None,
  'PARTNERSHIP',
  'N',
  'JOSHUA',
  'LANDAU',
  '96 ROCKWELL LLC',
  None,
  None,
  None,
  None,
  None,
  '2124730940',
  None,
  '03/07/2026 00:00:00',
  '1052740',
  Decimal('37955.00'),
  '0',
  None,
  'N',
  None,
  'R0',
  0,
  40.687317,
  -73.979159,
  '35',
  '33',
  'Fort Greene',
  '3059160',
  datetime.datetime(2026, 5, 2, 11, 13, 17, 172078)),
 (10,
  340922871,
  1,
  'BROOKLYN',
  '918',
  'ATLANTIC AVENUE',
  1124,
  4,
  3027497,
  'A3',
  'D',
  'APPLICATION PROCESSED - ENTIRE',
  '01/08/2026',
  'OTHERS',
  '308',
  'N',
  'N',
  'N',
  'N',
  None,
  'Y',
  None,
  'Y',
  None,
  None,
  None,
  None,
  None,
  None,
  None,
  None,
  None,
  None,
  None,
  'X',
  'BPP',
  'CHRISTOPHER',
  'FOGARTY',
  'RA',
  '028860',
  'N',
  '01/08/2026',
  '01/08/2026',
  '01/08/2026',
  None,
  None,
  None,
  None,
  None,
  'STANDARD',
  Decimal('0.00'),
  Decimal('0.00'),
  None,
  None,
  Decimal('0.00'),
  Decimal('193.00'),
  Decimal('0.00'),
  Decimal('0.00'),
  Decimal('0.00'),
  Decimal('0.00'),
  None,
  None,
  None,
  None,
  None,
  'C6-3A',
  'R6A',
  None,
  None,
  'MIH',
  'CORPORATION',
  'N',
  'ELIE',
  'PARIENTE',
  'N/A',
  None,
  None,
  None,
  None,
  None,
  '9177746676',
  'BUILDERS PAVEMENT PLAN 192.94 FT. FILED IN CONJUNCTION WITH NB GC '
  'APPLICATION: B01249710-I1',
  '04/09/2026 00:00:00',
  '3457677',
  Decimal('0.00'),
  '0',
  None,
  'C',
  '04/08/2026',
  'GW',
  0,
  40.680983,
  -73.963823,
  '35',
  '203',
  'Prospect Heights',
  '3027497',
  datetime.datetime(2026, 5, 2, 11, 13, 17, 172078))]

Query #5:
[('BRONX', 232063),
 ('BROOKLYN', 629254),
 ('MANHATTAN', 1112802),
 ('QUEENS', 560090),
 ('STATEN ISLAND', 180419)]

Query #6:
[('X', 1678258),
 ('R', 564835),
 ('P', 129558),
 ('J', 122441),
 ('Q', 71188),
 ('U', 49418),
 ('H', 43504),
 ('D', 35325),
 ('A', 8937),
 ('E', 7010),
 ('B', 2253),
 ('F', 1202),
 ('K', 481),
 ('3', 159),
 ('C', 58),
 ('L', 1)]

Query #7:
[(0, 8850)]

Database build completed successfully.
===== Stage 1: Sqoop to HDFS =====
Cleaning HDFS target directory: /user/team13/project/warehouse
Importing table: fact_job_applications
Creating HDFS directory for AVRO schemas...
Uploading .avsc files to HDFS...
Sqoop import completed.
drwxr-xr-x   - team13 students          0 2026-05-02 14:18 /user/team13/project/warehouse/avsc
-rw-r--r--   3 team13 students      14941 2026-05-02 14:18 /user/team13/project/warehouse/avsc/fact_job_applications.avsc
drwxr-xr-x   - team13 students          0 2026-05-02 14:18 /user/team13/project/warehouse/fact_job_applications
-rw-r--r--   3 team13 students          0 2026-05-02 14:18 /user/team13/project/warehouse/fact_job_applications/_SUCCESS
-rw-r--r--   3 team13 students  814885332 2026-05-02 14:18 /user/team13/project/warehouse/fact_job_applications/part-m-00000.avro
===== Stage 1 completed successfully =====
